MSBuild version 18.9.1+a81b43525 for .NET Framework

  CommonLibSSE.vcxproj -> E:\Projects\games\skyrim\prosperous-alchemist\pa-ng\build-alchemist\CommonLibSSE\Release\CommonLibSSE.lib
  main.cpp
E:\Projects\games\skyrim\prosperous-alchemist\pa-ng\alchemist\include\main.h(79,10): error C2079: 'alchemist::Effect::NativePotionResult::controlEffect' uses undefined class 'alchemist::Effect' [E:\Projects\games\skyrim\prosperous-alchemist\pa-ng\build-alchemist\alchemist.vcxproj]
  (compiling source file '../alchemist/src/main.cpp')
  
E:\Projects\games\skyrim\prosperous-alchemist\pa-ng\alchemist\include\main.h(346,3): error C4430: missing type specifier - int assumed. Note: C++ does not support default-int [E:\Projects\games\skyrim\prosperous-alchemist\pa-ng\build-alchemist\alchemist.vcxproj]
  (compiling source file '../alchemist/src/main.cpp')
  
E:\Projects\games\skyrim\prosperous-alchemist\pa-ng\alchemist\include\main.h(346,22): error C2146: syntax error: missing ';' before identifier 'evaluatePotion' [E:\Projects\games\skyrim\prosperous-alchemist\pa-ng\build-alchemist\alchemist.vcxproj]
  (compiling source file '../alchemist/src/main.cpp')
  
E:\Projects\games\skyrim\prosperous-alchemist\pa-ng\alchemist\include\main.h(346,81): error C2143: syntax error: missing ';' before '{' [E:\Projects\games\skyrim\prosperous-alchemist\pa-ng\build-alchemist\alchemist.vcxproj]
  (compiling source file '../alchemist/src/main.cpp')
  
E:\Projects\games\skyrim\prosperous-alchemist\pa-ng\alchemist\include\main.h(346,81): error C2447: '{': missing function header (old-style formal list?) [E:\Projects\games\skyrim\prosperous-alchemist\pa-ng\build-alchemist\alchemist.vcxproj]
  (compiling source file '../alchemist/src/main.cpp')
  
E:\Projects\games\skyrim\prosperous-alchemist\pa-ng\alchemist\include\main.h(808,3): error C2065: 'nativeIngredient': undeclared identifier [E:\Projects\games\skyrim\prosperous-alchemist\pa-ng\build-alchemist\alchemist.vcxproj]
  (compiling source file '../alchemist/src/main.cpp')
  
E:\Projects\games\skyrim\prosperous-alchemist\pa-ng\alchemist\src\main.cpp(39,4): error C2065: 'NativePotionResult': undeclared identifier [E:\Projects\games\skyrim\prosperous-alchemist\pa-ng\build-alchemist\alchemist.vcxproj]
  (compiling source file '../alchemist/src/main.cpp')
  
E:\Projects\games\skyrim\prosperous-alchemist\pa-ng\alchemist\src\main.cpp(39,23): error C2146: syntax error: missing ';' before identifier 'nativeResult' [E:\Projects\games\skyrim\prosperous-alchemist\pa-ng\build-alchemist\alchemist.vcxproj]
  (compiling source file '../alchemist/src/main.cpp')
  
E:\Projects\games\skyrim\prosperous-alchemist\pa-ng\alchemist\src\main.cpp(39,23): error C2065: 'nativeResult': undeclared identifier [E:\Projects\games\skyrim\prosperous-alchemist\pa-ng\build-alchemist\alchemist.vcxproj]
  (compiling source file '../alchemist/src/main.cpp')
  
E:\Projects\games\skyrim\prosperous-alchemist\pa-ng\alchemist\src\main.cpp(39,46): error C2039: 'evaluatePotion': is not a member of 'alchemist::effect' [E:\Projects\games\skyrim\prosperous-alchemist\pa-ng\build-alchemist\alchemist.vcxproj]
  (compiling source file '../alchemist/src/main.cpp')
      E:\Projects\games\skyrim\prosperous-alchemist\pa-ng\alchemist\include\main.h(313,12):
      see declaration of 'alchemist::effect'
  
E:\Projects\games\skyrim\prosperous-alchemist\pa-ng\alchemist\src\main.cpp(40,24): error C2039: 'nativeIngredient': is not a member of 'alchemist::Ingredient' [E:\Projects\games\skyrim\prosperous-alchemist\pa-ng\build-alchemist\alchemist.vcxproj]
  (compiling source file '../alchemist/src/main.cpp')
      E:\Projects\games\skyrim\prosperous-alchemist\pa-ng\alchemist\include\main.h(85,8):
      see declaration of 'alchemist::Ingredient'
  
E:\Projects\games\skyrim\prosperous-alchemist\pa-ng\alchemist\src\main.cpp(41,24): error C2039: 'nativeIngredient': is not a member of 'alchemist::Ingredient' [E:\Projects\games\skyrim\prosperous-alchemist\pa-ng\build-alchemist\alchemist.vcxproj]
  (compiling source file '../alchemist/src/main.cpp')
      E:\Projects\games\skyrim\prosperous-alchemist\pa-ng\alchemist\include\main.h(85,8):
      see declaration of 'alchemist::Ingredient'
  
E:\Projects\games\skyrim\prosperous-alchemist\pa-ng\alchemist\src\main.cpp(42,19): error C2039: 'nativeIngredient': is not a member of 'alchemist::Ingredient' [E:\Projects\games\skyrim\prosperous-alchemist\pa-ng\build-alchemist\alchemist.vcxproj]
  (compiling source file '../alchemist/src/main.cpp')
      E:\Projects\games\skyrim\prosperous-alchemist\pa-ng\alchemist\include\main.h(85,8):
      see declaration of 'alchemist::Ingredient'
  
E:\Projects\games\skyrim\prosperous-alchemist\pa-ng\alchemist\src\main.cpp(39,46): error C3861: 'evaluatePotion': identifier not found [E:\Projects\games\skyrim\prosperous-alchemist\pa-ng\build-alchemist\alchemist.vcxproj]
  (compiling source file '../alchemist/src/main.cpp')
  
E:\Projects\games\skyrim\prosperous-alchemist\pa-ng\alchemist\src\main.cpp(44,9): error C2065: 'nativeResult': undeclared identifier [E:\Projects\games\skyrim\prosperous-alchemist\pa-ng\build-alchemist\alchemist.vcxproj]
  (compiling source file '../alchemist/src/main.cpp')
  
E:\Projects\games\skyrim\prosperous-alchemist\pa-ng\alchemist\src\main.cpp(44,31): error C2065: 'nativeResult': undeclared identifier [E:\Projects\games\skyrim\prosperous-alchemist\pa-ng\build-alchemist\alchemist.vcxproj]
  (compiling source file '../alchemist/src/main.cpp')
  
E:\Projects\games\skyrim\prosperous-alchemist\pa-ng\alchemist\src\main.cpp(48,5): error C2065: 'nativeResult': undeclared identifier [E:\Projects\games\skyrim\prosperous-alchemist\pa-ng\build-alchemist\alchemist.vcxproj]
  (compiling source file '../alchemist/src/main.cpp')
  
E:\Projects\games\skyrim\prosperous-alchemist\pa-ng\alchemist\src\main.cpp(48,27): error C2065: 'nativeResult': undeclared identifier [E:\Projects\games\skyrim\prosperous-alchemist\pa-ng\build-alchemist\alchemist.vcxproj]
  (compiling source file '../alchemist/src/main.cpp')
  
E:\Projects\games\skyrim\prosperous-alchemist\pa-ng\alchemist\src\main.cpp(48,55): error C2065: 'nativeResult': undeclared identifier [E:\Projects\games\skyrim\prosperous-alchemist\pa-ng\build-alchemist\alchemist.vcxproj]
  (compiling source file '../alchemist/src/main.cpp')
  
E:\Projects\games\skyrim\prosperous-alchemist\pa-ng\alchemist\src\main.cpp(47,34): error C2440: '<function-style-cast>': cannot convert from 'initializer list' to 'alchemist::Potion' [E:\Projects\games\skyrim\prosperous-alchemist\pa-ng\build-alchemist\alchemist.vcxproj]
  (compiling source file '../alchemist/src/main.cpp')
      E:\Projects\games\skyrim\prosperous-alchemist\pa-ng\alchemist\src\main.cpp(47,34):
      'alchemist::Potion::Potion': function does not take 4 arguments
          E:\Projects\games\skyrim\prosperous-alchemist\pa-ng\alchemist\src\main.cpp(47,34):
          while trying to match the argument list '(int, alchemist::Ingredient, alchemist::Ingredient, const alchemist::Ingredient)'
  
E:\Projects\games\skyrim\prosperous-alchemist\pa-ng\alchemist\src\main.cpp(52,14): error C2065: 'nativeResult': undeclared identifier [E:\Projects\games\skyrim\prosperous-alchemist\pa-ng\build-alchemist\alchemist.vcxproj]
  (compiling source file '../alchemist/src/main.cpp')
  
E:\Projects\games\skyrim\prosperous-alchemist\pa-ng\alchemist\src\main.cpp(91,3): error C2065: 'NativePotionResult': undeclared identifier [E:\Projects\games\skyrim\prosperous-alchemist\pa-ng\build-alchemist\alchemist.vcxproj]
  (compiling source file '../alchemist/src/main.cpp')
  
E:\Projects\games\skyrim\prosperous-alchemist\pa-ng\alchemist\src\main.cpp(91,22): error C2146: syntax error: missing ';' before identifier 'nativeResult' [E:\Projects\games\skyrim\prosperous-alchemist\pa-ng\build-alchemist\alchemist.vcxproj]
  (compiling source file '../alchemist/src/main.cpp')
  
E:\Projects\games\skyrim\prosperous-alchemist\pa-ng\alchemist\src\main.cpp(91,22): error C2065: 'nativeResult': undeclared identifier [E:\Projects\games\skyrim\prosperous-alchemist\pa-ng\build-alchemist\alchemist.vcxproj]
  (compiling source file '../alchemist/src/main.cpp')
  
E:\Projects\games\skyrim\prosperous-alchemist\pa-ng\alchemist\src\main.cpp(91,45): error C2039: 'evaluatePotion': is not a member of 'alchemist::effect' [E:\Projects\games\skyrim\prosperous-alchemist\pa-ng\build-alchemist\alchemist.vcxproj]
  (compiling source file '../alchemist/src/main.cpp')
      E:\Projects\games\skyrim\prosperous-alchemist\pa-ng\alchemist\include\main.h(313,12):
      see declaration of 'alchemist::effect'
  
E:\Projects\games\skyrim\prosperous-alchemist\pa-ng\alchemist\src\main.cpp(92,16): error C2039: 'nativeIngredient': is not a member of 'alchemist::Ingredient' [E:\Projects\games\skyrim\prosperous-alchemist\pa-ng\build-alchemist\alchemist.vcxproj]
  (compiling source file '../alchemist/src/main.cpp')
      E:\Projects\games\skyrim\prosperous-alchemist\pa-ng\alchemist\include\main.h(85,8):
      see declaration of 'alchemist::Ingredient'
  
E:\Projects\games\skyrim\prosperous-alchemist\pa-ng\alchemist\src\main.cpp(93,16): error C2039: 'nativeIngredient': is not a member of 'alchemist::Ingredient' [E:\Projects\games\skyrim\prosperous-alchemist\pa-ng\build-alchemist\alchemist.vcxproj]
  (compiling source file '../alchemist/src/main.cpp')
      E:\Projects\games\skyrim\prosperous-alchemist\pa-ng\alchemist\include\main.h(85,8):
      see declaration of 'alchemist::Ingredient'
  
E:\Projects\games\skyrim\prosperous-alchemist\pa-ng\alchemist\src\main.cpp(91,45): error C3861: 'evaluatePotion': identifier not found [E:\Projects\games\skyrim\prosperous-alchemist\pa-ng\build-alchemist\alchemist.vcxproj]
  (compiling source file '../alchemist/src/main.cpp')
  
E:\Projects\games\skyrim\prosperous-alchemist\pa-ng\alchemist\src\main.cpp(95,8): error C2065: 'nativeResult': undeclared identifier [E:\Projects\games\skyrim\prosperous-alchemist\pa-ng\build-alchemist\alchemist.vcxproj]
  (compiling source file '../alchemist/src/main.cpp')
  
E:\Projects\games\skyrim\prosperous-alchemist\pa-ng\alchemist\src\main.cpp(98,55): error C2065: 'nativeResult': undeclared identifier [E:\Projects\games\skyrim\prosperous-alchemist\pa-ng\build-alchemist\alchemist.vcxproj]
  (compiling source file '../alchemist/src/main.cpp')
  
E:\Projects\games\skyrim\prosperous-alchemist\pa-ng\alchemist\src\main.cpp(99,4): error C2065: 'nativeResult': undeclared identifier [E:\Projects\games\skyrim\prosperous-alchemist\pa-ng\build-alchemist\alchemist.vcxproj]
  (compiling source file '../alchemist/src/main.cpp')
  
E:\Projects\games\skyrim\prosperous-alchemist\pa-ng\alchemist\src\main.cpp(99,32): error C2065: 'nativeResult': undeclared identifier [E:\Projects\games\skyrim\prosperous-alchemist\pa-ng\build-alchemist\alchemist.vcxproj]
  (compiling source file '../alchemist/src/main.cpp')
  
E:\Projects\games\skyrim\prosperous-alchemist\pa-ng\alchemist\src\main.cpp(98,25): error C2440: '<function-style-cast>': cannot convert from 'initializer list' to 'alchemist::Potion' [E:\Projects\games\skyrim\prosperous-alchemist\pa-ng\build-alchemist\alchemist.vcxproj]
  (compiling source file '../alchemist/src/main.cpp')
      E:\Projects\games\skyrim\prosperous-alchemist\pa-ng\alchemist\src\main.cpp(98,25):
      'alchemist::Potion::Potion': function does not take 4 arguments
          E:\Projects\games\skyrim\prosperous-alchemist\pa-ng\alchemist\src\main.cpp(98,25):
          while trying to match the argument list '(int, alchemist::Ingredient, alchemist::Ingredient, std::set<alchemist::Effect,std::less<alchemist::Effect>,std::allocator<alchemist::Effect>>)'
  
E:\Projects\games\skyrim\prosperous-alchemist\pa-ng\alchemist\src\main.cpp(102,13): error C2065: 'nativeResult': undeclared identifier [E:\Projects\games\skyrim\prosperous-alchemist\pa-ng\build-alchemist\alchemist.vcxproj]
  (compiling source file '../alchemist/src/main.cpp')
  
E:\Projects\games\skyrim\prosperous-alchemist\pa-ng\alchemist\src\main.cpp(178,4): error C2065: 'NativePotionResult': undeclared identifier [E:\Projects\games\skyrim\prosperous-alchemist\pa-ng\build-alchemist\alchemist.vcxproj]
  (compiling source file '../alchemist/src/main.cpp')
  
E:\Projects\games\skyrim\prosperous-alchemist\pa-ng\alchemist\src\main.cpp(178,23): error C2146: syntax error: missing ';' before identifier 'nativeResult' [E:\Projects\games\skyrim\prosperous-alchemist\pa-ng\build-alchemist\alchemist.vcxproj]
  (compiling source file '../alchemist/src/main.cpp')
  
E:\Projects\games\skyrim\prosperous-alchemist\pa-ng\alchemist\src\main.cpp(178,23): error C2065: 'nativeResult': undeclared identifier [E:\Projects\games\skyrim\prosperous-alchemist\pa-ng\build-alchemist\alchemist.vcxproj]
  (compiling source file '../alchemist/src/main.cpp')
  
E:\Projects\games\skyrim\prosperous-alchemist\pa-ng\alchemist\src\main.cpp(178,46): error C2039: 'evaluatePotion': is not a member of 'alchemist::effect' [E:\Projects\games\skyrim\prosperous-alchemist\pa-ng\build-alchemist\alchemist.vcxproj]
  (compiling source file '../alchemist/src/main.cpp')
      E:\Projects\games\skyrim\prosperous-alchemist\pa-ng\alchemist\include\main.h(313,12):
      see declaration of 'alchemist::effect'
  
E:\Projects\games\skyrim\prosperous-alchemist\pa-ng\alchemist\src\main.cpp(179,24): error C2039: 'nativeIngredient': is not a member of 'alchemist::Ingredient' [E:\Projects\games\skyrim\prosperous-alchemist\pa-ng\build-alchemist\alchemist.vcxproj]
  (compiling source file '../alchemist/src/main.cpp')
      E:\Projects\games\skyrim\prosperous-alchemist\pa-ng\alchemist\include\main.h(85,8):
      see declaration of 'alchemist::Ingredient'
  
E:\Projects\games\skyrim\prosperous-alchemist\pa-ng\alchemist\src\main.cpp(180,24): error C2039: 'nativeIngredient': is not a member of 'alchemist::Ingredient' [E:\Projects\games\skyrim\prosperous-alchemist\pa-ng\build-alchemist\alchemist.vcxproj]
  (compiling source file '../alchemist/src/main.cpp')
      E:\Projects\games\skyrim\prosperous-alchemist\pa-ng\alchemist\include\main.h(85,8):
      see declaration of 'alchemist::Ingredient'
  
E:\Projects\games\skyrim\prosperous-alchemist\pa-ng\alchemist\src\main.cpp(181,19): error C2039: 'nativeIngredient': is not a member of 'alchemist::Ingredient' [E:\Projects\games\skyrim\prosperous-alchemist\pa-ng\build-alchemist\alchemist.vcxproj]
  (compiling source file '../alchemist/src/main.cpp')
      E:\Projects\games\skyrim\prosperous-alchemist\pa-ng\alchemist\include\main.h(85,8):
      see declaration of 'alchemist::Ingredient'
  
E:\Projects\games\skyrim\prosperous-alchemist\pa-ng\alchemist\src\main.cpp(178,46): error C3861: 'evaluatePotion': identifier not found [E:\Projects\games\skyrim\prosperous-alchemist\pa-ng\build-alchemist\alchemist.vcxproj]
  (compiling source file '../alchemist/src/main.cpp')
  
E:\Projects\games\skyrim\prosperous-alchemist\pa-ng\alchemist\src\main.cpp(183,9): error C2065: 'nativeResult': undeclared identifier [E:\Projects\games\skyrim\prosperous-alchemist\pa-ng\build-alchemist\alchemist.vcxproj]
  (compiling source file '../alchemist/src/main.cpp')
  
E:\Projects\games\skyrim\prosperous-alchemist\pa-ng\alchemist\src\main.cpp(183,31): error C2065: 'nativeResult': undeclared identifier [E:\Projects\games\skyrim\prosperous-alchemist\pa-ng\build-alchemist\alchemist.vcxproj]
  (compiling source file '../alchemist/src/main.cpp')
  
E:\Projects\games\skyrim\prosperous-alchemist\pa-ng\alchemist\src\main.cpp(187,5): error C2065: 'nativeResult': undeclared identifier [E:\Projects\games\skyrim\prosperous-alchemist\pa-ng\build-alchemist\alchemist.vcxproj]
  (compiling source file '../alchemist/src/main.cpp')
  
E:\Projects\games\skyrim\prosperous-alchemist\pa-ng\alchemist\src\main.cpp(187,27): error C2065: 'nativeResult': undeclared identifier [E:\Projects\games\skyrim\prosperous-alchemist\pa-ng\build-alchemist\alchemist.vcxproj]
  (compiling source file '../alchemist/src/main.cpp')
  
E:\Projects\games\skyrim\prosperous-alchemist\pa-ng\alchemist\src\main.cpp(187,55): error C2065: 'nativeResult': undeclared identifier [E:\Projects\games\skyrim\prosperous-alchemist\pa-ng\build-alchemist\alchemist.vcxproj]
  (compiling source file '../alchemist/src/main.cpp')
  
E:\Projects\games\skyrim\prosperous-alchemist\pa-ng\alchemist\src\main.cpp(186,34): error C2440: '<function-style-cast>': cannot convert from 'initializer list' to 'alchemist::Potion' [E:\Projects\games\skyrim\prosperous-alchemist\pa-ng\build-alchemist\alchemist.vcxproj]
  (compiling source file '../alchemist/src/main.cpp')
      E:\Projects\games\skyrim\prosperous-alchemist\pa-ng\alchemist\src\main.cpp(186,34):
      'alchemist::Potion::Potion': function does not take 4 arguments
          E:\Projects\games\skyrim\prosperous-alchemist\pa-ng\alchemist\src\main.cpp(186,34):
          while trying to match the argument list '(int, alchemist::Ingredient, alchemist::Ingredient, const alchemist::Ingredient)'
  
E:\Projects\games\skyrim\prosperous-alchemist\pa-ng\alchemist\src\main.cpp(190,14): error C2065: 'nativeResult': undeclared identifier [E:\Projects\games\skyrim\prosperous-alchemist\pa-ng\build-alchemist\alchemist.vcxproj]
  (compiling source file '../alchemist/src/main.cpp')
  
E:\Projects\games\skyrim\prosperous-alchemist\pa-ng\alchemist\src\main.cpp(208,3): error C2065: 'NativePotionResult': undeclared identifier [E:\Projects\games\skyrim\prosperous-alchemist\pa-ng\build-alchemist\alchemist.vcxproj]
  (compiling source file '../alchemist/src/main.cpp')
  
E:\Projects\games\skyrim\prosperous-alchemist\pa-ng\alchemist\src\main.cpp(208,22): error C2146: syntax error: missing ';' before identifier 'nativeResult' [E:\Projects\games\skyrim\prosperous-alchemist\pa-ng\build-alchemist\alchemist.vcxproj]
  (compiling source file '../alchemist/src/main.cpp')
  
E:\Projects\games\skyrim\prosperous-alchemist\pa-ng\alchemist\src\main.cpp(208,22): error C2065: 'nativeResult': undeclared identifier [E:\Projects\games\skyrim\prosperous-alchemist\pa-ng\build-alchemist\alchemist.vcxproj]
  (compiling source file '../alchemist/src/main.cpp')
  
E:\Projects\games\skyrim\prosperous-alchemist\pa-ng\alchemist\src\main.cpp(208,45): error C2039: 'evaluatePotion': is not a member of 'alchemist::effect' [E:\Projects\games\skyrim\prosperous-alchemist\pa-ng\build-alchemist\alchemist.vcxproj]
  (compiling source file '../alchemist/src/main.cpp')
      E:\Projects\games\skyrim\prosperous-alchemist\pa-ng\alchemist\include\main.h(313,12):
      see declaration of 'alchemist::effect'
  
E:\Projects\games\skyrim\prosperous-alchemist\pa-ng\alchemist\src\main.cpp(209,16): error C2039: 'nativeIngredient': is not a member of 'alchemist::Ingredient' [E:\Projects\games\skyrim\prosperous-alchemist\pa-ng\build-alchemist\alchemist.vcxproj]
  (compiling source file '../alchemist/src/main.cpp')
      E:\Projects\games\skyrim\prosperous-alchemist\pa-ng\alchemist\include\main.h(85,8):
      see declaration of 'alchemist::Ingredient'
  
E:\Projects\games\skyrim\prosperous-alchemist\pa-ng\alchemist\src\main.cpp(210,16): error C2039: 'nativeIngredient': is not a member of 'alchemist::Ingredient' [E:\Projects\games\skyrim\prosperous-alchemist\pa-ng\build-alchemist\alchemist.vcxproj]
  (compiling source file '../alchemist/src/main.cpp')
      E:\Projects\games\skyrim\prosperous-alchemist\pa-ng\alchemist\include\main.h(85,8):
      see declaration of 'alchemist::Ingredient'
  
E:\Projects\games\skyrim\prosperous-alchemist\pa-ng\alchemist\src\main.cpp(208,45): error C3861: 'evaluatePotion': identifier not found [E:\Projects\games\skyrim\prosperous-alchemist\pa-ng\build-alchemist\alchemist.vcxproj]
  (compiling source file '../alchemist/src/main.cpp')
  
E:\Projects\games\skyrim\prosperous-alchemist\pa-ng\alchemist\src\main.cpp(212,8): error C2065: 'nativeResult': undeclared identifier [E:\Projects\games\skyrim\prosperous-alchemist\pa-ng\build-alchemist\alchemist.vcxproj]
  (compiling source file '../alchemist/src/main.cpp')
  
E:\Projects\games\skyrim\prosperous-alchemist\pa-ng\alchemist\src\main.cpp(215,55): error C2065: 'nativeResult': undeclared identifier [E:\Projects\games\skyrim\prosperous-alchemist\pa-ng\build-alchemist\alchemist.vcxproj]
  (compiling source file '../alchemist/src/main.cpp')
  
E:\Projects\games\skyrim\prosperous-alchemist\pa-ng\alchemist\src\main.cpp(216,4): error C2065: 'nativeResult': undeclared identifier [E:\Projects\games\skyrim\prosperous-alchemist\pa-ng\build-alchemist\alchemist.vcxproj]
  (compiling source file '../alchemist/src/main.cpp')
  
E:\Projects\games\skyrim\prosperous-alchemist\pa-ng\alchemist\src\main.cpp(216,32): error C2065: 'nativeResult': undeclared identifier [E:\Projects\games\skyrim\prosperous-alchemist\pa-ng\build-alchemist\alchemist.vcxproj]
  (compiling source file '../alchemist/src/main.cpp')
  
E:\Projects\games\skyrim\prosperous-alchemist\pa-ng\alchemist\src\main.cpp(215,25): error C2440: '<function-style-cast>': cannot convert from 'initializer list' to 'alchemist::Potion' [E:\Projects\games\skyrim\prosperous-alchemist\pa-ng\build-alchemist\alchemist.vcxproj]
  (compiling source file '../alchemist/src/main.cpp')
      E:\Projects\games\skyrim\prosperous-alchemist\pa-ng\alchemist\src\main.cpp(215,25):
      'alchemist::Potion::Potion': function does not take 4 arguments
          E:\Projects\games\skyrim\prosperous-alchemist\pa-ng\alchemist\src\main.cpp(215,25):
          while trying to match the argument list '(int, alchemist::Ingredient, alchemist::Ingredient, std::set<alchemist::Effect,std::less<alchemist::Effect>,std::allocator<alchemist::Effect>>)'
  
E:\Projects\games\skyrim\prosperous-alchemist\pa-ng\alchemist\src\main.cpp(218,13): error C2065: 'nativeResult': undeclared identifier [E:\Projects\games\skyrim\prosperous-alchemist\pa-ng\build-alchemist\alchemist.vcxproj]
  (compiling source file '../alchemist/src/main.cpp')
  
